// Jest Snapshot v1, https://goo.gl/fbAQLP

exports[`srcset-loader should emit files 1`] = `
"
export default __webpack_public_path__ + \\"asset.jpg\\";

export var source = {
	format: \\"jpg\\",
	type: \\"image/jpeg\\",
	name: \\"jpg640\\",
	width: 640,
	height: 480,
	src: __webpack_public_path__ + \\"asset.jpg\\"
};

export var srcset = [{
	format: \\"webp\\",
	type: \\"image/webp\\",
	name: \\"webp640\\",
	width: 640,
	height: 480,
	src: __webpack_public_path__ + \\"asset.webp\\"
}, {
	format: \\"webp\\",
	type: \\"image/webp\\",
	name: \\"webp560\\",
	width: 560,
	height: 420,
	src: __webpack_public_path__ + \\"asset.webp\\"
}, {
	format: \\"webp\\",
	type: \\"image/webp\\",
	name: \\"webp320\\",
	width: 320,
	height: 240,
	src: __webpack_public_path__ + \\"asset.webp\\"
}, source, {
	format: \\"jpg\\",
	type: \\"image/jpeg\\",
	name: \\"jpg560\\",
	width: 560,
	height: 420,
	src: __webpack_public_path__ + \\"asset.jpg\\"
}, {
	format: \\"jpg\\",
	type: \\"image/jpeg\\",
	name: \\"jpg320\\",
	width: 320,
	height: 240,
	src: __webpack_public_path__ + \\"asset.jpg\\"
}];

export var names = {
	\\"webp640\\": __webpack_public_path__ + \\"asset.webp\\",
	\\"webp560\\": __webpack_public_path__ + \\"asset.webp\\",
	\\"webp320\\": __webpack_public_path__ + \\"asset.webp\\",
	\\"jpg640\\": __webpack_public_path__ + \\"asset.jpg\\",
	\\"jpg560\\": __webpack_public_path__ + \\"asset.jpg\\",
	\\"jpg320\\": __webpack_public_path__ + \\"asset.jpg\\"
};
"
`;

exports[`srcset-loader should emit files 2`] = `"module.exports = __webpack_public_path__ + \\"asset.jpg\\";"`;
